/home/iagobgc/Estudos/projetoTP1/projetoTP1/dominios/dominios.hpp:26: warning: argument 'valor' of command @param is not found in the argument list of Codigo::setCodigo(string codigoFornecido)
/home/iagobgc/Estudos/projetoTP1/projetoTP1/dominios/dominios.hpp:26: warning: The following parameter of Codigo::setCodigo(string codigoFornecido) is not documented:
  parameter 'codigoFornecido'
/home/iagobgc/Estudos/projetoTP1/projetoTP1/dominios/dominios.hpp:19: warning: argument 'valor' of command @param is not found in the argument list of Codigo::validar(string codigoFornecido)
/home/iagobgc/Estudos/projetoTP1/projetoTP1/dominios/dominios.hpp:19: warning: The following parameter of Codigo::validar(string codigoFornecido) is not documented:
  parameter 'codigoFornecido'
/home/iagobgc/Estudos/projetoTP1/projetoTP1/dominios/dominios.hpp:67: warning: argument 'valor' of command @param is not found in the argument list of Data::setData(string dataFornecida)
/home/iagobgc/Estudos/projetoTP1/projetoTP1/dominios/dominios.hpp:67: warning: The following parameter of Data::setData(string dataFornecida) is not documented:
  parameter 'dataFornecida'
/home/iagobgc/Estudos/projetoTP1/projetoTP1/dominios/dominios.hpp:54: warning: argument 'valor' of command @param is not found in the argument list of Data::validar(string dataFornecida)
/home/iagobgc/Estudos/projetoTP1/projetoTP1/dominios/dominios.hpp:54: warning: The following parameter of Data::validar(string dataFornecida) is not documented:
  parameter 'dataFornecida'
/home/iagobgc/Estudos/projetoTP1/projetoTP1/dominios/dominios.hpp:86: warning: Found unknown command '@dom'
/home/iagobgc/Estudos/projetoTP1/projetoTP1/dominios/dominios.hpp:103: warning: argument 'valor' of command @param is not found in the argument list of Email::setEmail(string emailFornecido)
/home/iagobgc/Estudos/projetoTP1/projetoTP1/dominios/dominios.hpp:103: warning: The following parameter of Email::setEmail(string emailFornecido) is not documented:
  parameter 'emailFornecido'
/home/iagobgc/Estudos/projetoTP1/projetoTP1/dominios/dominios.hpp:96: warning: argument 'valor' of command @param is not found in the argument list of Email::validar(string emailFornecido)
/home/iagobgc/Estudos/projetoTP1/projetoTP1/dominios/dominios.hpp:96: warning: The following parameter of Email::validar(string emailFornecido) is not documented:
  parameter 'emailFornecido'
/home/iagobgc/Estudos/projetoTP1/projetoTP1/dominios/dominios.hpp:140: warning: argument 'valor' of command @param is not found in the argument list of Estado::setEstado(string estadoFornecido)
/home/iagobgc/Estudos/projetoTP1/projetoTP1/dominios/dominios.hpp:140: warning: The following parameter of Estado::setEstado(string estadoFornecido) is not documented:
  parameter 'estadoFornecido'
/home/iagobgc/Estudos/projetoTP1/projetoTP1/dominios/dominios.hpp:133: warning: argument 'valor' of command @param is not found in the argument list of Estado::validar(string estadoFornecido)
/home/iagobgc/Estudos/projetoTP1/projetoTP1/dominios/dominios.hpp:133: warning: The following parameter of Estado::validar(string estadoFornecido) is not documented:
  parameter 'estadoFornecido'
/home/iagobgc/Estudos/projetoTP1/projetoTP1/entidades/entidades.hpp:140: warning: argument 'acao' of command @param is not found in the argument list of HistoriaDeUsuario::setAcao(const Texto &textoFornecido)
/home/iagobgc/Estudos/projetoTP1/projetoTP1/entidades/entidades.hpp:140: warning: The following parameter of HistoriaDeUsuario::setAcao(const Texto &textoFornecido) is not documented:
  parameter 'textoFornecido'
/home/iagobgc/Estudos/projetoTP1/projetoTP1/entidades/entidades.hpp:107: warning: argument 'codigo' of command @param is not found in the argument list of HistoriaDeUsuario::setCodigo(const Codigo &codigoFornecido)
/home/iagobgc/Estudos/projetoTP1/projetoTP1/entidades/entidades.hpp:107: warning: The following parameter of HistoriaDeUsuario::setCodigo(const Codigo &codigoFornecido) is not documented:
  parameter 'codigoFornecido'
/home/iagobgc/Estudos/projetoTP1/projetoTP1/entidades/entidades.hpp:184: warning: argument 'estado' of command @param is not found in the argument list of HistoriaDeUsuario::setEstado(const Estado &estadoFornecido)
/home/iagobgc/Estudos/projetoTP1/projetoTP1/entidades/entidades.hpp:184: warning: The following parameter of HistoriaDeUsuario::setEstado(const Estado &estadoFornecido) is not documented:
  parameter 'estadoFornecido'
/home/iagobgc/Estudos/projetoTP1/projetoTP1/entidades/entidades.hpp:162: warning: argument 'estimativa' of command @param is not found in the argument list of HistoriaDeUsuario::setEstimativa(const Tempo &tempoFornecido)
/home/iagobgc/Estudos/projetoTP1/projetoTP1/entidades/entidades.hpp:162: warning: The following parameter of HistoriaDeUsuario::setEstimativa(const Tempo &tempoFornecido) is not documented:
  parameter 'tempoFornecido'
/home/iagobgc/Estudos/projetoTP1/projetoTP1/entidades/entidades.hpp:129: warning: argument 'papel' of command @param is not found in the argument list of HistoriaDeUsuario::setPapel(const Texto &textoFornecido)
/home/iagobgc/Estudos/projetoTP1/projetoTP1/entidades/entidades.hpp:129: warning: The following parameter of HistoriaDeUsuario::setPapel(const Texto &textoFornecido) is not documented:
  parameter 'textoFornecido'
/home/iagobgc/Estudos/projetoTP1/projetoTP1/entidades/entidades.hpp:173: warning: argument 'prioridade' of command @param is not found in the argument list of HistoriaDeUsuario::setPrioridade(const Prioridade &prioridadeFornecida)
/home/iagobgc/Estudos/projetoTP1/projetoTP1/entidades/entidades.hpp:173: warning: The following parameter of HistoriaDeUsuario::setPrioridade(const Prioridade &prioridadeFornecida) is not documented:
  parameter 'prioridadeFornecida'
/home/iagobgc/Estudos/projetoTP1/projetoTP1/entidades/entidades.hpp:118: warning: argument 'titulo' of command @param is not found in the argument list of HistoriaDeUsuario::setTitulo(const Texto &textoFornecido)
/home/iagobgc/Estudos/projetoTP1/projetoTP1/entidades/entidades.hpp:118: warning: The following parameter of HistoriaDeUsuario::setTitulo(const Texto &textoFornecido) is not documented:
  parameter 'textoFornecido'
/home/iagobgc/Estudos/projetoTP1/projetoTP1/entidades/entidades.hpp:151: warning: argument 'valor' of command @param is not found in the argument list of HistoriaDeUsuario::setValor(const Texto &textoFornecido)
/home/iagobgc/Estudos/projetoTP1/projetoTP1/entidades/entidades.hpp:151: warning: The following parameter of HistoriaDeUsuario::setValor(const Texto &textoFornecido) is not documented:
  parameter 'textoFornecido'
/home/iagobgc/Estudos/projetoTP1/projetoTP1/dominios/dominios.hpp:175: warning: argument 'valor' of command @param is not found in the argument list of Nome::setNome(string nomeFornecido)
/home/iagobgc/Estudos/projetoTP1/projetoTP1/dominios/dominios.hpp:175: warning: The following parameter of Nome::setNome(string nomeFornecido) is not documented:
  parameter 'nomeFornecido'
/home/iagobgc/Estudos/projetoTP1/projetoTP1/dominios/dominios.hpp:168: warning: argument 'valor' of command @param is not found in the argument list of Nome::validar(string nomeFornecido)
/home/iagobgc/Estudos/projetoTP1/projetoTP1/dominios/dominios.hpp:168: warning: The following parameter of Nome::validar(string nomeFornecido) is not documented:
  parameter 'nomeFornecido'
/home/iagobgc/Estudos/projetoTP1/projetoTP1/dominios/dominios.hpp:212: warning: argument 'valor' of command @param is not found in the argument list of Papel::setPapel(string papelFornecido)
/home/iagobgc/Estudos/projetoTP1/projetoTP1/dominios/dominios.hpp:212: warning: The following parameter of Papel::setPapel(string papelFornecido) is not documented:
  parameter 'papelFornecido'
/home/iagobgc/Estudos/projetoTP1/projetoTP1/dominios/dominios.hpp:205: warning: argument 'valor' of command @param is not found in the argument list of Papel::validar(string papelFornecido)
/home/iagobgc/Estudos/projetoTP1/projetoTP1/dominios/dominios.hpp:205: warning: The following parameter of Papel::validar(string papelFornecido) is not documented:
  parameter 'papelFornecido'
/home/iagobgc/Estudos/projetoTP1/projetoTP1/entidades/entidades.hpp:244: warning: argument 'email' of command @param is not found in the argument list of Pessoa::setEmail(const Email &emailFornecido)
/home/iagobgc/Estudos/projetoTP1/projetoTP1/entidades/entidades.hpp:244: warning: The following parameter of Pessoa::setEmail(const Email &emailFornecido) is not documented:
  parameter 'emailFornecido'
/home/iagobgc/Estudos/projetoTP1/projetoTP1/entidades/entidades.hpp:255: warning: argument 'nome' of command @param is not found in the argument list of Pessoa::setNome(const Nome &nomeFornecido)
/home/iagobgc/Estudos/projetoTP1/projetoTP1/entidades/entidades.hpp:255: warning: The following parameter of Pessoa::setNome(const Nome &nomeFornecido) is not documented:
  parameter 'nomeFornecido'
/home/iagobgc/Estudos/projetoTP1/projetoTP1/entidades/entidades.hpp:277: warning: argument 'papel' of command @param is not found in the argument list of Pessoa::setPapel(const Papel &papelFornecido)
/home/iagobgc/Estudos/projetoTP1/projetoTP1/entidades/entidades.hpp:277: warning: The following parameter of Pessoa::setPapel(const Papel &papelFornecido) is not documented:
  parameter 'papelFornecido'
/home/iagobgc/Estudos/projetoTP1/projetoTP1/entidades/entidades.hpp:266: warning: argument 'senha' of command @param is not found in the argument list of Pessoa::setSenha(const Senha &senhaFornecida)
/home/iagobgc/Estudos/projetoTP1/projetoTP1/entidades/entidades.hpp:266: warning: The following parameter of Pessoa::setSenha(const Senha &senhaFornecida) is not documented:
  parameter 'senhaFornecida'
/home/iagobgc/Estudos/projetoTP1/projetoTP1/entidades/entidades.hpp:342: warning: argument 'capacidade' of command @param is not found in the argument list of PlanoDeSprint::setCapacidade(const Tempo &capacidadeFornecida)
/home/iagobgc/Estudos/projetoTP1/projetoTP1/entidades/entidades.hpp:342: warning: The following parameter of PlanoDeSprint::setCapacidade(const Tempo &capacidadeFornecida) is not documented:
  parameter 'capacidadeFornecida'
/home/iagobgc/Estudos/projetoTP1/projetoTP1/entidades/entidades.hpp:320: warning: argument 'codigo' of command @param is not found in the argument list of PlanoDeSprint::setCodigo(const Codigo &codigoFornecido)
/home/iagobgc/Estudos/projetoTP1/projetoTP1/entidades/entidades.hpp:320: warning: The following parameter of PlanoDeSprint::setCodigo(const Codigo &codigoFornecido) is not documented:
  parameter 'codigoFornecido'
/home/iagobgc/Estudos/projetoTP1/projetoTP1/entidades/entidades.hpp:331: warning: argument 'objetivo' of command @param is not found in the argument list of PlanoDeSprint::setObjetivo(const Texto &objetivoFornecido)
/home/iagobgc/Estudos/projetoTP1/projetoTP1/entidades/entidades.hpp:331: warning: The following parameter of PlanoDeSprint::setObjetivo(const Texto &objetivoFornecido) is not documented:
  parameter 'objetivoFornecido'
/home/iagobgc/Estudos/projetoTP1/projetoTP1/dominios/dominios.hpp:246: warning: argument 'valor' of command @param is not found in the argument list of Prioridade::setPrioridade(string prioridadeFornecida)
/home/iagobgc/Estudos/projetoTP1/projetoTP1/dominios/dominios.hpp:246: warning: The following parameter of Prioridade::setPrioridade(string prioridadeFornecida) is not documented:
  parameter 'prioridadeFornecida'
/home/iagobgc/Estudos/projetoTP1/projetoTP1/dominios/dominios.hpp:239: warning: argument 'valor' of command @param is not found in the argument list of Prioridade::validar(string prioridadeFornecida)
/home/iagobgc/Estudos/projetoTP1/projetoTP1/dominios/dominios.hpp:239: warning: The following parameter of Prioridade::validar(string prioridadeFornecida) is not documented:
  parameter 'prioridadeFornecida'
/home/iagobgc/Estudos/projetoTP1/projetoTP1/entidades/entidades.hpp:25: warning: argument 'codigo' of command @param is not found in the argument list of Projeto::setCodigo(const Codigo &codigoFornecido)
/home/iagobgc/Estudos/projetoTP1/projetoTP1/entidades/entidades.hpp:25: warning: The following parameter of Projeto::setCodigo(const Codigo &codigoFornecido) is not documented:
  parameter 'codigoFornecido'
/home/iagobgc/Estudos/projetoTP1/projetoTP1/entidades/entidades.hpp:47: warning: argument 'inicio' of command @param is not found in the argument list of Projeto::setInicio(const Data &dataFornecida)
/home/iagobgc/Estudos/projetoTP1/projetoTP1/entidades/entidades.hpp:47: warning: The following parameter of Projeto::setInicio(const Data &dataFornecida) is not documented:
  parameter 'dataFornecida'
/home/iagobgc/Estudos/projetoTP1/projetoTP1/entidades/entidades.hpp:36: warning: argument 'nome' of command @param is not found in the argument list of Projeto::setNome(const Nome &nomeFornecido)
/home/iagobgc/Estudos/projetoTP1/projetoTP1/entidades/entidades.hpp:36: warning: The following parameter of Projeto::setNome(const Nome &nomeFornecido) is not documented:
  parameter 'nomeFornecido'
/home/iagobgc/Estudos/projetoTP1/projetoTP1/entidades/entidades.hpp:58: warning: argument 'termino' of command @param is not found in the argument list of Projeto::setTermino(const Data &dataFornecida)
/home/iagobgc/Estudos/projetoTP1/projetoTP1/entidades/entidades.hpp:58: warning: The following parameter of Projeto::setTermino(const Data &dataFornecida) is not documented:
  parameter 'dataFornecida'
/home/iagobgc/Estudos/projetoTP1/projetoTP1/dominios/dominios.hpp:281: warning: argument 'valor' of command @param is not found in the argument list of Senha::setSenha(string senhaFornecida)
/home/iagobgc/Estudos/projetoTP1/projetoTP1/dominios/dominios.hpp:281: warning: The following parameter of Senha::setSenha(string senhaFornecida) is not documented:
  parameter 'senhaFornecida'
/home/iagobgc/Estudos/projetoTP1/projetoTP1/dominios/dominios.hpp:274: warning: argument 'valor' of command @param is not found in the argument list of Senha::validar(string senhaFornecida)
/home/iagobgc/Estudos/projetoTP1/projetoTP1/dominios/dominios.hpp:274: warning: The following parameter of Senha::validar(string senhaFornecida) is not documented:
  parameter 'senhaFornecida'
/home/iagobgc/Estudos/projetoTP1/projetoTP1/dominios/dominios.hpp:308: warning: argument 'valor' of command @param is not found in the argument list of Tempo::validar(int tempoFornecido)
/home/iagobgc/Estudos/projetoTP1/projetoTP1/dominios/dominios.hpp:308: warning: The following parameter of Tempo::validar(int tempoFornecido) is not documented:
  parameter 'tempoFornecido'
/home/iagobgc/Estudos/projetoTP1/projetoTP1/dominios/dominios.hpp:350: warning: argument 'valor' of command @param is not found in the argument list of Texto::setTexto(string textoFornecido)
/home/iagobgc/Estudos/projetoTP1/projetoTP1/dominios/dominios.hpp:350: warning: The following parameter of Texto::setTexto(string textoFornecido) is not documented:
  parameter 'textoFornecido'
/home/iagobgc/Estudos/projetoTP1/projetoTP1/dominios/dominios.hpp:343: warning: argument 'valor' of command @param is not found in the argument list of Texto::validar(string textoFornecido)
/home/iagobgc/Estudos/projetoTP1/projetoTP1/dominios/dominios.hpp:343: warning: The following parameter of Texto::validar(string textoFornecido) is not documented:
  parameter 'textoFornecido'
